
> portfolio-website@0.0.0 build
> vite build

[36mvite v8.0.3 [32mbuilding client environment for production...[36m[39m
[2K
transforming...Γ£ô 1738 modules transformed.
rendering chunks...
node.exe : [31mΓ£ù[39m 
Build failed in 303ms
At line:1 char:1
+ & "C:\Program 
Files\nodejs/node.exe" 
"C:\Program 
Files\nodejs/node_mo ...
+ ~~~~~~~~~~~~~~~~~~~~~~~~
~~~~~~~~~~~~~~~~~~~~~~~~~~
~~~~~~~~~~~~~~~~~~~
    + CategoryInfo        
      : NotSpecified: (  
  [31mΓ£ù[39m Build fa   
 iled in 303ms:String)    
 [], RemoteException
    + FullyQualifiedError 
   Id : NativeCommandErr  
  or
 
[31merror during build:
[31mBuild failed with 3 
errors:

[31m[MISSING_EXPORT] 
Error:[0m "Github" is 
not exported by "node_modu
les/lucide-react/dist/esm/
lucide-react.js".
   [38;5;246mΓò¡[0m[38;
5;246mΓöÇ[0m[38;5;246m[
[0m src/components/Hero.js
x:2:31 [38;5;246m][0m
   [38;5;246mΓöé[0m
 [38;5;246m2 Γöé[0m [38
;5;249mi[0m[38;5;249mm[
0m[38;5;249mp[0m[38;5;2
49mo[0m[38;5;249mr[0m[
38;5;249mt[0m[38;5;249m 
[0m[38;5;249m{[0m[38;5
;249m [0m[38;5;249mD[0m
[38;5;249mo[0m[38;5;249
mw[0m[38;5;249mn[0m[38
;5;249ml[0m[38;5;249mo[
0m[38;5;249ma[0m[38;5;2
49md[0m[38;5;249m,[0m[
38;5;249m [0m[38;5;249mA
[0m[38;5;249mr[0m[38;5
;249mr[0m[38;5;249mo[0m
[38;5;249mw[0m[38;5;249
mD[0m[38;5;249mo[0m[38
;5;249mw[0m[38;5;249mn[
0m[38;5;249m,[0m[38;5;2
49m [0mGithub[38;5;249m,
[0m[38;5;249m [0m[38;5
;249mL[0m[38;5;249mi[0m
[38;5;249mn[0m[38;5;249
mk[0m[38;5;249me[0m[38
;5;249md[0m[38;5;249mi[
0m[38;5;249mn[0m[38;5;2
49m,[0m[38;5;249m [0m[
38;5;249mM[0m[38;5;249ma
[0m[38;5;249mi[0m[38;5
;249ml[0m[38;5;249m,[0m
[38;5;249m [0m[38;5;249
mC[0m[38;5;249mo[0m[38
;5;249md[0m[38;5;249me[
0m[38;5;249m2[0m[38;5;2
49m [0m[38;5;249m}[0m[
38;5;249m [0m[38;5;249mf
[0m[38;5;249mr[0m[38;5
;249mo[0m[38;5;249mm[0m
[38;5;249m [0m[38;5;249
m"[0m[38;5;249ml[0m[38
;5;249mu[0m[38;5;249mc[
0m[38;5;249mi[0m[38;5;2
49md[0m[38;5;249me[0m[
38;5;249m-[0m[38;5;249mr
[0m[38;5;249me[0m[38;5
;249ma[0m[38;5;249mc[0m
[38;5;249mt[0m[38;5;249
m"[0m[38;5;249m;[0m
 [38;5;240m  Γöé[0m     
                          
ΓöÇΓöÇΓöÇΓö¼ΓöÇΓöÇ  
 [38;5;240m  Γöé[0m     
                          
   Γò░ΓöÇΓöÇΓöÇΓöÇ 
Missing export
[38;5;246mΓöÇΓöÇΓöÇΓò»[0
m

[31m[MISSING_EXPORT] 
Error:[0m "Linkedin" is 
not exported by "node_modu
les/lucide-react/dist/esm/
lucide-react.js".
   [38;5;246mΓò¡[0m[38;
5;246mΓöÇ[0m[38;5;246m[
[0m src/components/Hero.js
x:2:39 [38;5;246m][0m
   [38;5;246mΓöé[0m
 [38;5;246m2 Γöé[0m [38
;5;249mi[0m[38;5;249mm[
0m[38;5;249mp[0m[38;5;2
49mo[0m[38;5;249mr[0m[
38;5;249mt[0m[38;5;249m 
[0m[38;5;249m{[0m[38;5
;249m [0m[38;5;249mD[0m
[38;5;249mo[0m[38;5;249
mw[0m[38;5;249mn[0m[38
;5;249ml[0m[38;5;249mo[
0m[38;5;249ma[0m[38;5;2
49md[0m[38;5;249m,[0m[
38;5;249m [0m[38;5;249mA
[0m[38;5;249mr[0m[38;5
;249mr[0m[38;5;249mo[0m
[38;5;249mw[0m[38;5;249
mD[0m[38;5;249mo[0m[38
;5;249mw[0m[38;5;249mn[
0m[38;5;249m,[0m[38;5;2
49m [0m[38;5;249mG[0m[
38;5;249mi[0m[38;5;249mt
[0m[38;5;249mh[0m[38;5
;249mu[0m[38;5;249mb[0m
[38;5;249m,[0m[38;5;249
m [0mLinkedin[38;5;249m,
[0m[38;5;249m [0m[38;5
;249mM[0m[38;5;249ma[0m
[38;5;249mi[0m[38;5;249
ml[0m[38;5;249m,[0m[38
;5;249m [0m[38;5;249mC[
0m[38;5;249mo[0m[38;5;2
49md[0m[38;5;249me[0m[
38;5;249m2[0m[38;5;249m 
[0m[38;5;249m}[0m[38;5
;249m [0m[38;5;249mf[0m
[38;5;249mr[0m[38;5;249
mo[0m[38;5;249mm[0m[38
;5;249m [0m[38;5;249m"[
0m[38;5;249ml[0m[38;5;2
49mu[0m[38;5;249mc[0m[
38;5;249mi[0m[38;5;249md
[0m[38;5;249me[0m[38;5
;249m-[0m[38;5;249mr[0m
[38;5;249me[0m[38;5;249
ma[0m[38;5;249mc[0m[38
;5;249mt[0m[38;5;249m"[
0m[38;5;249m;[0m
 [38;5;240m  Γöé[0m     
                          
        
ΓöÇΓöÇΓöÇΓöÇΓö¼ΓöÇΓöÇΓöÇ  
 [38;5;240m  Γöé[0m     
                          
            
Γò░ΓöÇΓöÇΓöÇΓöÇΓöÇ 
Missing export
[38;5;246mΓöÇΓöÇΓöÇΓò»[0
m

[31m[MISSING_EXPORT] 
Error:[0m "Github" is 
not exported by "node_modu
les/lucide-react/dist/esm/
lucide-react.js".
   [38;5;246mΓò¡[0m[38;
5;246mΓöÇ[0m[38;5;246m[
[0m src/components/Project
s.jsx:2:24 
[38;5;246m][0m
   [38;5;246mΓöé[0m
 [38;5;246m2 Γöé[0m [38
;5;249mi[0m[38;5;249mm[
0m[38;5;249mp[0m[38;5;2
49mo[0m[38;5;249mr[0m[
38;5;249mt[0m[38;5;249m 
[0m[38;5;249m{[0m[38;5
;249m [0m[38;5;249mE[0m
[38;5;249mx[0m[38;5;249
mt[0m[38;5;249me[0m[38
;5;249mr[0m[38;5;249mn[
0m[38;5;249ma[0m[38;5;2
49ml[0m[38;5;249mL[0m[
38;5;249mi[0m[38;5;249mn
[0m[38;5;249mk[0m[38;5
;249m,[0m[38;5;249m [0m
Github[38;5;249m,[0m[38
;5;249m [0m[38;5;249mA[
0m[38;5;249mr[0m[38;5;2
49mr[0m[38;5;249mo[0m[
38;5;249mw[0m[38;5;249mR
[0m[38;5;249mi[0m[38;5
;249mg[0m[38;5;249mh[0m
[38;5;249mt[0m[38;5;249
m [0m[38;5;249m}[0m[38
;5;249m [0m[38;5;249mf[
0m[38;5;249mr[0m[38;5;2
49mo[0m[38;5;249mm[0m[
38;5;249m [0m[38;5;249m"
[0m[38;5;249ml[0m[38;5
;249mu[0m[38;5;249mc[0m
[38;5;249mi[0m[38;5;249
md[0m[38;5;249me[0m[38
;5;249m-[0m[38;5;249mr[
0m[38;5;249me[0m[38;5;2
49ma[0m[38;5;249mc[0m[
38;5;249mt[0m[38;5;249m"
[0m[38;5;249m;[0m
 [38;5;240m  Γöé[0m     
                   
ΓöÇΓöÇΓöÇΓö¼ΓöÇΓöÇ  
 [38;5;240m  Γöé[0m     
                      
Γò░ΓöÇΓöÇΓöÇΓöÇ Missing 
export
[38;5;246mΓöÇΓöÇΓöÇΓò»[0
m
[31m
    at aggregateBindingErr
orsIntoJsError (file:///C:
/Users/FEBIN%20RAJ/Documen
ts/portfolio-website/node_
modules/rolldown/dist/shar
ed/error-BLhcSyeg.mjs:48:1
8)
    at 
unwrapBindingResult (file:
///C:/Users/FEBIN%20RAJ/Do
cuments/portfolio-website/
node_modules/rolldown/dist
/shared/error-BLhcSyeg.mjs
:18:128)
    at #build (file:///C:/
Users/FEBIN%20RAJ/Document
s/portfolio-website/node_m
odules/rolldown/dist/share
d/rolldown-build-CPrIX9V6.
mjs:3313:34)
    at async 
buildEnvironment (file:///
C:/Users/FEBIN%20RAJ/Docum
ents/portfolio-website/nod
e_modules/vite/dist/node/c
hunks/node.js:32849:64)
    at async Object.build 
(file:///C:/Users/FEBIN%20
RAJ/Documents/portfolio-we
bsite/node_modules/vite/di
st/node/chunks/node.js:332
71:19)
    at async 
Object.buildApp (file:///C
:/Users/FEBIN%20RAJ/Docume
nts/portfolio-website/node
_modules/vite/dist/node/ch
unks/node.js:33268:153)
    at async 
CAC.<anonymous> (file:///C
:/Users/FEBIN%20RAJ/Docume
nts/portfolio-website/node
_modules/vite/dist/node/cl
i.js:778:3) {
  errors: [Getter/Setter]
}[39m
